{ Using PSTWRITER 16.6.0 d001Oct-13-2014 at 11:31:20 }

#1 WARNING(ORCAP-36006): Part Name "CAPACITOR NON-POL_C0402_0.01UF/25V" is renamed to "CAPACITOR NON-POL_C0402_0.01UF/".
#2 WARNING(ORCAP-36006): Part Name "CAPACITOR NON-POL_C0805_22UF/16V" is renamed to "CAPACITOR NON-POL_C0805_22UF/16".
#3 WARNING(ORCAP-36006): Part Name "CAPACITOR NON-POL_C0402_47PF " is renamed to "CAPACITOR NON-POL_C0402_47PF".
#4 WARNING(ORCAP-36006): Part Name "CAPACITOR NON-POL_C0402_1000PF/50V" is renamed to "CAPACITOR NON-POL_C0402_1000PF/".
#5 WARNING(ORCAP-36006): Part Name "CAPACITOR NON-POL_C0805_10UF/16V" is renamed to "CAPACITOR NON-POL_C0805_10UF/16".
#6 WARNING(ORCAP-36006): Part Name "CAPACITOR NON-POL_C0603_4.7UF/16V" is renamed to "CAPACITOR NON-POL_C0603_4.7UF/1".
#7 WARNING(ORCAP-36006): Part Name "CAPACITOR NON-POL_C0805_0.1UF/100V" is renamed to "CAPACITOR NON-POL_C0805_0.1UF/1".
#8 WARNING(ORCAP-36006): Part Name "CAPACITOR NON-POL_C0805_4.7UF/25V" is renamed to "CAPACITOR NON-POL_C0805_4.7UF/2".
#9 WARNING(ORCAP-36006): Part Name "DIODE BI-DIR TRIG_0_D0603_PGB1010603MR" is renamed to "DIODE BI-DIR TRIG_0_D0603_PGB10".
#10 WARNING(ORCAP-36006): Part Name "DIODE SCHOTTKY13_DO-214AB_STPS5_STPS5L60S" is renamed to "DIODE SCHOTTKY13_DO-214AB_STPS5".
#11 WARNING(ORCAP-36006): Part Name "FUSEHOLDER_2_FUSE_SMD_HLDR_8A_0154008_8A/ FAST" is renamed to "FUSEHOLDER_2_FUSE_SMD_HLDR_8A_0".
#12 WARNING(ORCAP-36030): Value of Property "ERROR(ORCAP-36079): Device" missing from instance J12: SCHEMATIC1, 02:POWER SECTION (2.40, 1.60).
#13 WARNING(ORCAP-36006): Part Name "PHONEJACK_1_PJ-202AH_JACK_DC JACK" is renamed to "PHONEJACK_1_PJ-202AH_JACK_DC JA".
#14 WARNING(ORCAP-36006): Part Name "J00-0045NL_J00-0045NL_J00-0045NL" is renamed to "J00-0045NL_J00-0045NL_J00-0045N".
#15 WARNING(ORCAP-36006): Part Name "54819-0572_54819-0572_54819-0572_AU-Y1005-2-R" is renamed to "54819-0572_54819-0572_54819-057".
#16 WARNING(ORCAP-36006): Part Name "67803-8020_67803-8020_67803-8020_AU-Y1005-2-R" is renamed to "67803-8020_67803-8020_67803-802".
#17 WARNING(ORCAP-36006): Part Name "HEADER_1X2_100MIL_HEADER_1X2_100MIL_HEADER_1X2_100MIL" is renamed to "HEADER_1X2_100MIL_HEADER_1X2_10".
#18 WARNING(ORCAP-36006): Part Name "MOTOR_HEADRE_RIA330-03_RIA330-03" is renamed to "MOTOR_HEADRE_RIA330-03_RIA330-0".
#19 WARNING(ORCAP-36006): Part Name "HEADER 5X2_HDR_2X5_BOX_HEADER 2X5" is renamed to "HEADER 5X2_HDR_2X5_BOX_HEADER 2".
#20 WARNING(ORCAP-36006): Part Name "JUMPER-2X2PIN_HDR2X2_100MIL_HDR2X2_100MIL" is renamed to "JUMPER-2X2PIN_HDR2X2_100MIL_HDR".
#21 WARNING(ORCAP-36006): Part Name "MOTOR_HEADER_4PIN_RIA330-04_RIA330-04" is renamed to "MOTOR_HEADER_4PIN_RIA330-04_RIA".
#22 WARNING(ORCAP-36006): Part Name "DF40HC-4_0-80DS-0_4V_DF40HC-4_0-80DS-0_4V_DF40HC(4.0)-80DS-0.4V" is renamed to "DF40HC-4_0-80DS-0_4V_DF40HC-4_0".
#23 WARNING(ORCAP-36006): Part Name "TL3301AF160QJ_TL3301_SPST_TL3301AF160QJ" is renamed to "TL3301AF160QJ_TL3301_SPST_TL330".
#24 WARNING(ORCAP-36006): Part Name "TPS54160QDRCRQ1_10SON_TPS54160Q_TPS54160QDRCRQ1" is renamed to "TPS54160QDRCRQ1_10SON_TPS54160Q".
#25 WARNING(ORCAP-36006): Part Name "AD8206YRZ_8SOIC_AD8206YRZ_AD8206YRZ" is renamed to "AD8206YRZ_8SOIC_AD8206YRZ_AD820".
#26 WARNING(ORCAP-36006): Part Name "ADS7950SBRGER_24-QFN_ADS7950_ADS7950SBRGER" is renamed to "ADS7950SBRGER_24-QFN_ADS7950_AD".
#27 WARNING(ORCAP-36006): Part Name "TPS562200_SOT23-6_TPS562200_TPS562200" is renamed to "TPS562200_SOT23-6_TPS562200_TPS".
#28 WARNING(ORCAP-36006): Part Name "74LVC3G17_74LVC3G17_8TSSOP_74LVC3G17" is renamed to "74LVC3G17_74LVC3G17_8TSSOP_74LV".
#29 WARNING(ORCAP-36006): Part Name "AM26LV32ID_AM26LV32ID_AM26LV32ID" is renamed to "AM26LV32ID_AM26LV32ID_AM26LV32I".
#30 WARNING(ORCAP-36006): Part Name "MIC2025-1YMM_MIC2025-1YMM_MIC2025-1YMM" is renamed to "MIC2025-1YMM_MIC2025-1YMM_MIC20".
#31 WARNING(ORCAP-36006): Part Name "USB3300-EZK_USB3300-EZK_USB3300-EZK" is renamed to "USB3300-EZK_USB3300-EZK_USB3300".
#32 WARNING(ORCAP-36006): Part Name "LT1965EDD-3.3#PBF_8DFN_LT1965_LT1965EDD-3.3#PBF" is renamed to "LT1965EDD-3.3#PBF_8DFN_LT1965_L".
#33 WARNING(ORCAP-36006): Part Name "TPS73733DCQ_TPS73733DCQ_TPS73733DCQ" is renamed to "TPS73733DCQ_TPS73733DCQ_TPS7373".
#34 WARNING(ORCAP-36006): Part Name "74LX1G07STR_SOT23-5_74LX1G07STR_74LX1G07STR" is renamed to "74LX1G07STR_SOT23-5_74LX1G07STR".
#35 WARNING(ORCAP-36006): Part Name "RT9818C-29GV_RT9818C-29GV_SOT23-3_RT9818C-29GV_NL" is renamed to "RT9818C-29GV_RT9818C-29GV_SOT23".
#36 WARNING(ORCAP-36006): Part Name "DRV8332DKDR_36HSSOP_DRV8332_DRV8332DKDR" is renamed to "DRV8332DKDR_36HSSOP_DRV8332_DRV".
#37 WARNING(ORCAP-36006): Part Name "DRV8432DKDR_36HSSOP_DRV8332_DRV8432DKDR" is renamed to "DRV8432DKDR_36HSSOP_DRV8332_DRV".
#38 WARNING(ORCAP-36006): Part Name "ASDMB-24.000MHZ-LC-T_ASFLMB-24MHZ_ASFLMB-24.000MHZ-LC-T" is renamed to "ASDMB-24.000MHZ-LC-T_ASFLMB-24M".
INFO(ORCAP-36080): Scanning netlist files ...

Loading... C:\Users\mkavin181\Desktop\SF2 Motor Control board\101314\SF2-MC-STARTER_KIT_REV_B_101314_1\NETLIST_1_101314/pstchip.dat

Loading... C:\Users\mkavin181\Desktop\SF2 Motor Control board\101314\SF2-MC-STARTER_KIT_REV_B_101314_1\NETLIST_1_101314/pstchip.dat

Loading... C:\Users\mkavin181\Desktop\SF2 Motor Control board\101314\SF2-MC-STARTER_KIT_REV_B_101314_1\NETLIST_1_101314/pstxprt.dat

Loading... C:\Users\mkavin181\Desktop\SF2 Motor Control board\101314\SF2-MC-STARTER_KIT_REV_B_101314_1\NETLIST_1_101314/pstxnet.dat
packaging the design view...